// Vitest Snapshot v1

exports[`Copyright component > snapshot 1`] = `
<DocumentFragment>
  .emotion-0 {
  font-size: sm;
}

<div
    class="chakra-text emotion-0"
  >
    Â© 9999 author
  </div>
</DocumentFragment>
`;
